Erreur récupérée (virgule manquant)
Erreur récupérée (egal manquant)
