------ Impression du programme -------

var a;
lire a;
ecrire (a);

------- Fin du programme -------

