------ Impression du programme -------

const a=5;
ecrire 5;

------- Fin du programme -------

