------ Impression du programme -------

var a;
a := 5;
ecrire a;

------- Fin du programme -------

